// Jest Snapshot v1, https://goo.gl/fbAQLP

exports[`Contacts Component matches the snapshot 1`] = `
<div
  className="sc-htpNat kTRfOx"
>
  <div>
    <h4
      className="sc-bdVaJa esfNvT"
    >
       Get in Contact Easily 
    </h4>
    <h2
      className="sc-bwzfXH ePPsnT"
    >
        with Michael Waye 
    </h2>
    <div
      className="contact--form--container"
    >
      <form
        className="contact-form"
      >
        <p>
          <div
            className={undefined}
            style={
              Object {
                "backgroundColor": "transparent",
                "cursor": "auto",
                "display": "inline-block",
                "fontFamily": "Roboto, sans-serif",
                "fontSize": 16,
                "height": 72,
                "lineHeight": "24px",
                "muiPrepared": true,
                "position": "relative",
                "transition": "height 200ms cubic-bezier(0.23, 1, 0.32, 1) 0ms",
                "width": 256,
              }
            }
          >
            <label
              className={undefined}
              htmlFor="fname-undefined-firstname-21303"
              onClick={undefined}
              style={
                Object {
                  "color": "rgba(0, 0, 0, 0.3)",
                  "lineHeight": "22px",
                  "muiPrepared": true,
                  "pointerEvents": "none",
                  "position": "absolute",
                  "top": 38,
                  "transform": "scale(1) translate(0, 0)",
                  "transformOrigin": "left top",
                  "transition": "all 450ms cubic-bezier(0.23, 1, 0.32, 1) 0ms",
                  "userSelect": "none",
                  "zIndex": 1,
                }
              }
            >
              first name
            </label>
            <input
              disabled={false}
              id="fname-undefined-firstname-21303"
              name="fname"
              onBlur={[Function]}
              onChange={[Function]}
              onFocus={[Function]}
              style={
                Object {
                  "WebkitOpacity": 1,
                  "WebkitTapHighlightColor": "rgba(0,0,0,0)",
                  "appearance": "textfield",
                  "backgroundColor": "rgba(0,0,0,0)",
                  "border": "none",
                  "boxSizing": "border-box",
                  "color": "rgba(0, 0, 0, 0.87)",
                  "cursor": "inherit",
                  "font": "inherit",
                  "height": "100%",
                  "marginTop": 14,
                  "muiPrepared": true,
                  "outline": "none",
                  "padding": 0,
                  "position": "relative",
                  "width": "100%",
                }
              }
              type="text"
              value=""
            />
            <div>
              <hr
                aria-hidden="true"
                style={
                  Object {
                    "borderBottomStyle": "solid",
                    "borderBottomWidth": 1,
                    "borderColor": "#e0e0e0",
                    "borderLeft": "none",
                    "borderRight": "none",
                    "borderTop": "none",
                    "bottom": 8,
                    "boxSizing": "content-box",
                    "margin": 0,
                    "muiPrepared": true,
                    "position": "absolute",
                    "width": "100%",
                  }
                }
              />
              <hr
                aria-hidden="true"
                style={
                  Object {
                    "borderBottomStyle": "solid",
                    "borderBottomWidth": 2,
                    "borderColor": "#00bcd4",
                    "borderLeft": "none",
                    "borderRight": "none",
                    "borderTop": "none",
                    "bottom": 8,
                    "boxSizing": "content-box",
                    "margin": 0,
                    "muiPrepared": true,
                    "position": "absolute",
                    "transform": "scaleX(0)",
                    "transition": "all 450ms cubic-bezier(0.23, 1, 0.32, 1) 0ms",
                    "width": "100%",
                  }
                }
              />
            </div>
            
          </div>
        </p>
        <p>
          <div
            className={undefined}
            style={
              Object {
                "backgroundColor": "transparent",
                "cursor": "auto",
                "display": "inline-block",
                "fontFamily": "Roboto, sans-serif",
                "fontSize": 16,
                "height": 72,
                "lineHeight": "24px",
                "muiPrepared": true,
                "position": "relative",
                "transition": "height 200ms cubic-bezier(0.23, 1, 0.32, 1) 0ms",
                "width": 256,
              }
            }
          >
            <label
              className={undefined}
              htmlFor="lname-undefined-lastname-55270"
              onClick={undefined}
              style={
                Object {
                  "color": "rgba(0, 0, 0, 0.3)",
                  "lineHeight": "22px",
                  "muiPrepared": true,
                  "pointerEvents": "none",
                  "position": "absolute",
                  "top": 38,
                  "transform": "scale(1) translate(0, 0)",
                  "transformOrigin": "left top",
                  "transition": "all 450ms cubic-bezier(0.23, 1, 0.32, 1) 0ms",
                  "userSelect": "none",
                  "zIndex": 1,
                }
              }
            >
              last name
            </label>
            <input
              disabled={false}
              id="lname-undefined-lastname-55270"
              name="lname"
              onBlur={[Function]}
              onChange={[Function]}
              onFocus={[Function]}
              style={
                Object {
                  "WebkitOpacity": 1,
                  "WebkitTapHighlightColor": "rgba(0,0,0,0)",
                  "appearance": "textfield",
                  "backgroundColor": "rgba(0,0,0,0)",
                  "border": "none",
                  "boxSizing": "border-box",
                  "color": "rgba(0, 0, 0, 0.87)",
                  "cursor": "inherit",
                  "font": "inherit",
                  "height": "100%",
                  "marginTop": 14,
                  "muiPrepared": true,
                  "outline": "none",
                  "padding": 0,
                  "position": "relative",
                  "width": "100%",
                }
              }
              type="text"
              value=""
            />
            <div>
              <hr
                aria-hidden="true"
                style={
                  Object {
                    "borderBottomStyle": "solid",
                    "borderBottomWidth": 1,
                    "borderColor": "#e0e0e0",
                    "borderLeft": "none",
                    "borderRight": "none",
                    "borderTop": "none",
                    "bottom": 8,
                    "boxSizing": "content-box",
                    "margin": 0,
                    "muiPrepared": true,
                    "position": "absolute",
                    "width": "100%",
                  }
                }
              />
              <hr
                aria-hidden="true"
                style={
                  Object {
                    "borderBottomStyle": "solid",
                    "borderBottomWidth": 2,
                    "borderColor": "#00bcd4",
                    "borderLeft": "none",
                    "borderRight": "none",
                    "borderTop": "none",
                    "bottom": 8,
                    "boxSizing": "content-box",
                    "margin": 0,
                    "muiPrepared": true,
                    "position": "absolute",
                    "transform": "scaleX(0)",
                    "transition": "all 450ms cubic-bezier(0.23, 1, 0.32, 1) 0ms",
                    "width": "100%",
                  }
                }
              />
            </div>
            
          </div>
        </p>
        <p>
          <div
            className={undefined}
            style={
              Object {
                "backgroundColor": "transparent",
                "cursor": "auto",
                "display": "inline-block",
                "fontFamily": "Roboto, sans-serif",
                "fontSize": 16,
                "height": 72,
                "lineHeight": "24px",
                "muiPrepared": true,
                "position": "relative",
                "transition": "height 200ms cubic-bezier(0.23, 1, 0.32, 1) 0ms",
                "width": 256,
              }
            }
          >
            <label
              className={undefined}
              htmlFor="phone-undefined-phone-45484"
              onClick={undefined}
              style={
                Object {
                  "color": "rgba(0, 0, 0, 0.3)",
                  "lineHeight": "22px",
                  "muiPrepared": true,
                  "pointerEvents": "none",
                  "position": "absolute",
                  "top": 38,
                  "transform": "scale(1) translate(0, 0)",
                  "transformOrigin": "left top",
                  "transition": "all 450ms cubic-bezier(0.23, 1, 0.32, 1) 0ms",
                  "userSelect": "none",
                  "zIndex": 1,
                }
              }
            >
              phone
            </label>
            <input
              disabled={false}
              id="phone-undefined-phone-45484"
              name="phone"
              onBlur={[Function]}
              onChange={[Function]}
              onFocus={[Function]}
              style={
                Object {
                  "WebkitOpacity": 1,
                  "WebkitTapHighlightColor": "rgba(0,0,0,0)",
                  "appearance": "textfield",
                  "backgroundColor": "rgba(0,0,0,0)",
                  "border": "none",
                  "boxSizing": "border-box",
                  "color": "rgba(0, 0, 0, 0.87)",
                  "cursor": "inherit",
                  "font": "inherit",
                  "height": "100%",
                  "marginTop": 14,
                  "muiPrepared": true,
                  "outline": "none",
                  "padding": 0,
                  "position": "relative",
                  "width": "100%",
                }
              }
              type="text"
              value=""
            />
            <div>
              <hr
                aria-hidden="true"
                style={
                  Object {
                    "borderBottomStyle": "solid",
                    "borderBottomWidth": 1,
                    "borderColor": "#e0e0e0",
                    "borderLeft": "none",
                    "borderRight": "none",
                    "borderTop": "none",
                    "bottom": 8,
                    "boxSizing": "content-box",
                    "margin": 0,
                    "muiPrepared": true,
                    "position": "absolute",
                    "width": "100%",
                  }
                }
              />
              <hr
                aria-hidden="true"
                style={
                  Object {
                    "borderBottomStyle": "solid",
                    "borderBottomWidth": 2,
                    "borderColor": "#00bcd4",
                    "borderLeft": "none",
                    "borderRight": "none",
                    "borderTop": "none",
                    "bottom": 8,
                    "boxSizing": "content-box",
                    "margin": 0,
                    "muiPrepared": true,
                    "position": "absolute",
                    "transform": "scaleX(0)",
                    "transition": "all 450ms cubic-bezier(0.23, 1, 0.32, 1) 0ms",
                    "width": "100%",
                  }
                }
              />
            </div>
            
          </div>
        </p>
        <p>
          <div
            className={undefined}
            style={
              Object {
                "backgroundColor": "transparent",
                "cursor": "auto",
                "display": "inline-block",
                "fontFamily": "Roboto, sans-serif",
                "fontSize": 16,
                "height": 72,
                "lineHeight": "24px",
                "muiPrepared": true,
                "position": "relative",
                "transition": "height 200ms cubic-bezier(0.23, 1, 0.32, 1) 0ms",
                "width": 256,
              }
            }
          >
            <label
              className={undefined}
              htmlFor="email-undefined-email-3074"
              onClick={undefined}
              style={
                Object {
                  "color": "rgba(0, 0, 0, 0.3)",
                  "lineHeight": "22px",
                  "muiPrepared": true,
                  "pointerEvents": "none",
                  "position": "absolute",
                  "top": 38,
                  "transform": "scale(1) translate(0, 0)",
                  "transformOrigin": "left top",
                  "transition": "all 450ms cubic-bezier(0.23, 1, 0.32, 1) 0ms",
                  "userSelect": "none",
                  "zIndex": 1,
                }
              }
            >
              email
            </label>
            <input
              disabled={false}
              id="email-undefined-email-3074"
              name="email"
              onBlur={[Function]}
              onChange={[Function]}
              onFocus={[Function]}
              style={
                Object {
                  "WebkitOpacity": 1,
                  "WebkitTapHighlightColor": "rgba(0,0,0,0)",
                  "appearance": "textfield",
                  "backgroundColor": "rgba(0,0,0,0)",
                  "border": "none",
                  "boxSizing": "border-box",
                  "color": "rgba(0, 0, 0, 0.87)",
                  "cursor": "inherit",
                  "font": "inherit",
                  "height": "100%",
                  "marginTop": 14,
                  "muiPrepared": true,
                  "outline": "none",
                  "padding": 0,
                  "position": "relative",
                  "width": "100%",
                }
              }
              type="text"
              value=""
            />
            <div>
              <hr
                aria-hidden="true"
                style={
                  Object {
                    "borderBottomStyle": "solid",
                    "borderBottomWidth": 1,
                    "borderColor": "#e0e0e0",
                    "borderLeft": "none",
                    "borderRight": "none",
                    "borderTop": "none",
                    "bottom": 8,
                    "boxSizing": "content-box",
                    "margin": 0,
                    "muiPrepared": true,
                    "position": "absolute",
                    "width": "100%",
                  }
                }
              />
              <hr
                aria-hidden="true"
                style={
                  Object {
                    "borderBottomStyle": "solid",
                    "borderBottomWidth": 2,
                    "borderColor": "#00bcd4",
                    "borderLeft": "none",
                    "borderRight": "none",
                    "borderTop": "none",
                    "bottom": 8,
                    "boxSizing": "content-box",
                    "margin": 0,
                    "muiPrepared": true,
                    "position": "absolute",
                    "transform": "scaleX(0)",
                    "transition": "all 450ms cubic-bezier(0.23, 1, 0.32, 1) 0ms",
                    "width": "100%",
                  }
                }
              />
            </div>
            
          </div>
        </p>
        <p>
          <div
            className={undefined}
            style={
              Object {
                "backgroundColor": "transparent",
                "cursor": "auto",
                "display": "inline-block",
                "fontFamily": "Roboto, sans-serif",
                "fontSize": 16,
                "height": 72,
                "lineHeight": "24px",
                "muiPrepared": true,
                "position": "relative",
                "transition": "height 200ms cubic-bezier(0.23, 1, 0.32, 1) 0ms",
                "width": 256,
              }
            }
          >
            <label
              className={undefined}
              htmlFor="artist-undefined-artist-47426"
              onClick={undefined}
              style={
                Object {
                  "color": "rgba(0, 0, 0, 0.3)",
                  "lineHeight": "22px",
                  "muiPrepared": true,
                  "pointerEvents": "none",
                  "position": "absolute",
                  "top": 38,
                  "transform": "scale(1) translate(0, 0)",
                  "transformOrigin": "left top",
                  "transition": "all 450ms cubic-bezier(0.23, 1, 0.32, 1) 0ms",
                  "userSelect": "none",
                  "zIndex": 1,
                }
              }
            >
              artist
            </label>
            <input
              disabled={false}
              id="artist-undefined-artist-47426"
              name="artist"
              onBlur={[Function]}
              onChange={[Function]}
              onFocus={[Function]}
              style={
                Object {
                  "WebkitOpacity": 1,
                  "WebkitTapHighlightColor": "rgba(0,0,0,0)",
                  "appearance": "textfield",
                  "backgroundColor": "rgba(0,0,0,0)",
                  "border": "none",
                  "boxSizing": "border-box",
                  "color": "rgba(0, 0, 0, 0.87)",
                  "cursor": "inherit",
                  "font": "inherit",
                  "height": "100%",
                  "marginTop": 14,
                  "muiPrepared": true,
                  "outline": "none",
                  "padding": 0,
                  "position": "relative",
                  "width": "100%",
                }
              }
              type="text"
              value=""
            />
            <div>
              <hr
                aria-hidden="true"
                style={
                  Object {
                    "borderBottomStyle": "solid",
                    "borderBottomWidth": 1,
                    "borderColor": "#e0e0e0",
                    "borderLeft": "none",
                    "borderRight": "none",
                    "borderTop": "none",
                    "bottom": 8,
                    "boxSizing": "content-box",
                    "margin": 0,
                    "muiPrepared": true,
                    "position": "absolute",
                    "width": "100%",
                  }
                }
              />
              <hr
                aria-hidden="true"
                style={
                  Object {
                    "borderBottomStyle": "solid",
                    "borderBottomWidth": 2,
                    "borderColor": "#00bcd4",
                    "borderLeft": "none",
                    "borderRight": "none",
                    "borderTop": "none",
                    "bottom": 8,
                    "boxSizing": "content-box",
                    "margin": 0,
                    "muiPrepared": true,
                    "position": "absolute",
                    "transform": "scaleX(0)",
                    "transition": "all 450ms cubic-bezier(0.23, 1, 0.32, 1) 0ms",
                    "width": "100%",
                  }
                }
              />
            </div>
          </div>
        </p>
        <p>
          <div
            className={undefined}
            style={
              Object {
                "backgroundColor": "transparent",
                "cursor": "auto",
                "display": "inline-block",
                "fontFamily": "Roboto, sans-serif",
                "fontSize": 16,
                "height": 72,
                "lineHeight": "24px",
                "muiPrepared": true,
                "position": "relative",
                "transition": "height 200ms cubic-bezier(0.23, 1, 0.32, 1) 0ms",
                "width": 256,
              }
            }
          >
            <label
              className={undefined}
              htmlFor="comment-Whatwouldyouliketotalkabout-comment-13712"
              onClick={undefined}
              style={
                Object {
                  "color": "rgba(0, 0, 0, 0.3)",
                  "lineHeight": "22px",
                  "muiPrepared": true,
                  "pointerEvents": "none",
                  "position": "absolute",
                  "top": 38,
                  "transform": "scale(1) translate(0, 0)",
                  "transformOrigin": "left top",
                  "transition": "all 450ms cubic-bezier(0.23, 1, 0.32, 1) 0ms",
                  "userSelect": "none",
                  "zIndex": 1,
                }
              }
            >
              comment
            </label>
            <div
              style={
                Object {
                  "bottom": 12,
                  "color": "rgba(0, 0, 0, 0.3)",
                  "muiPrepared": true,
                  "opacity": 0,
                  "position": "absolute",
                  "transition": "all 450ms cubic-bezier(0.23, 1, 0.32, 1) 0ms",
                }
              }
            >
              What would you like to talk about?
            </div>
            <input
              disabled={false}
              id="comment-Whatwouldyouliketotalkabout-comment-13712"
              name="comment"
              onBlur={[Function]}
              onChange={[Function]}
              onFocus={[Function]}
              style={
                Object {
                  "WebkitOpacity": 1,
                  "WebkitTapHighlightColor": "rgba(0,0,0,0)",
                  "appearance": "textfield",
                  "backgroundColor": "rgba(0,0,0,0)",
                  "border": "none",
                  "boxSizing": "border-box",
                  "color": "rgba(0, 0, 0, 0.87)",
                  "cursor": "inherit",
                  "font": "inherit",
                  "height": "100%",
                  "marginTop": 14,
                  "muiPrepared": true,
                  "outline": "none",
                  "padding": 0,
                  "position": "relative",
                  "width": "100%",
                }
              }
              type="text"
              value=""
            />
            <div>
              <hr
                aria-hidden="true"
                style={
                  Object {
                    "borderBottomStyle": "solid",
                    "borderBottomWidth": 1,
                    "borderColor": "#e0e0e0",
                    "borderLeft": "none",
                    "borderRight": "none",
                    "borderTop": "none",
                    "bottom": 8,
                    "boxSizing": "content-box",
                    "margin": 0,
                    "muiPrepared": true,
                    "position": "absolute",
                    "width": "100%",
                  }
                }
              />
              <hr
                aria-hidden="true"
                style={
                  Object {
                    "borderBottomStyle": "solid",
                    "borderBottomWidth": 2,
                    "borderColor": "#00bcd4",
                    "borderLeft": "none",
                    "borderRight": "none",
                    "borderTop": "none",
                    "bottom": 8,
                    "boxSizing": "content-box",
                    "margin": 0,
                    "muiPrepared": true,
                    "position": "absolute",
                    "transform": "scaleX(0)",
                    "transition": "all 450ms cubic-bezier(0.23, 1, 0.32, 1) 0ms",
                    "width": "100%",
                  }
                }
              />
            </div>
          </div>
        </p>
      </form>
    </div>
    <button
      className="sendContact"
      disabled={false}
      onClick={[Function]}
    >
       
      Send
       
    </button>
     
  </div>
</div>
`;
